Archive member included to satisfy reference by file (symbol)

c:/ac6/systemworkbench/plugins/fr.ac6.mcu.externaltools.arm-none.win32_1.17.0.201812190825/tools/compiler/bin/../lib/gcc/arm-none-eabi/7.3.1/../../../../arm-none-eabi/lib/thumb/v7-m\libc_nano.a(lib_a-errno.o)
                              Core/Src/syscalls.o (__errno)
c:/ac6/systemworkbench/plugins/fr.ac6.mcu.externaltools.arm-none.win32_1.17.0.201812190825/tools/compiler/bin/../lib/gcc/arm-none-eabi/7.3.1/../../../../arm-none-eabi/lib/thumb/v7-m\libc_nano.a(lib_a-exit.o)
                              c:/ac6/systemworkbench/plugins/fr.ac6.mcu.externaltools.arm-none.win32_1.17.0.201812190825/tools/compiler/bin/../lib/gcc/arm-none-eabi/7.3.1/../../../../arm-none-eabi/lib/thumb/v7-m/crt0.o (exit)
c:/ac6/systemworkbench/plugins/fr.ac6.mcu.externaltools.arm-none.win32_1.17.0.201812190825/tools/compiler/bin/../lib/gcc/arm-none-eabi/7.3.1/../../../../arm-none-eabi/lib/thumb/v7-m\libc_nano.a(lib_a-impure.o)
                              c:/ac6/systemworkbench/plugins/fr.ac6.mcu.externaltools.arm-none.win32_1.17.0.201812190825/tools/compiler/bin/../lib/gcc/arm-none-eabi/7.3.1/../../../../arm-none-eabi/lib/thumb/v7-m\libc_nano.a(lib_a-exit.o) (_global_impure_ptr)
c:/ac6/systemworkbench/plugins/fr.ac6.mcu.externaltools.arm-none.win32_1.17.0.201812190825/tools/compiler/bin/../lib/gcc/arm-none-eabi/7.3.1/../../../../arm-none-eabi/lib/thumb/v7-m\libc_nano.a(lib_a-init.o)
                              c:/ac6/systemworkbench/plugins/fr.ac6.mcu.externaltools.arm-none.win32_1.17.0.201812190825/tools/compiler/bin/../lib/gcc/arm-none-eabi/7.3.1/../../../../arm-none-eabi/lib/thumb/v7-m/crt0.o (__libc_init_array)
c:/ac6/systemworkbench/plugins/fr.ac6.mcu.externaltools.arm-none.win32_1.17.0.201812190825/tools/compiler/bin/../lib/gcc/arm-none-eabi/7.3.1/../../../../arm-none-eabi/lib/thumb/v7-m\libc_nano.a(lib_a-memset.o)
                              c:/ac6/systemworkbench/plugins/fr.ac6.mcu.externaltools.arm-none.win32_1.17.0.201812190825/tools/compiler/bin/../lib/gcc/arm-none-eabi/7.3.1/../../../../arm-none-eabi/lib/thumb/v7-m/crt0.o (memset)

Allocating common symbols
Common symbol       size              file

htim4               0x48              Core/Src/main.o
huart3              0x44              Core/Src/main.o
uwTick              0x4               Drivers/STM32F1xx_HAL_Driver/Src/stm32f1xx_hal.o
pFlash              0x20              Drivers/STM32F1xx_HAL_Driver/Src/stm32f1xx_hal_flash.o
htim1               0x48              Core/Src/main.o
One_str             0x27              Core/Src/main.o

Discarded input sections

 .text          0x00000000        0x0 c:/ac6/systemworkbench/plugins/fr.ac6.mcu.externaltools.arm-none.win32_1.17.0.201812190825/tools/compiler/bin/../lib/gcc/arm-none-eabi/7.3.1/thumb/v7-m/crti.o
 .data          0x00000000        0x0 c:/ac6/systemworkbench/plugins/fr.ac6.mcu.externaltools.arm-none.win32_1.17.0.201812190825/tools/compiler/bin/../lib/gcc/arm-none-eabi/7.3.1/thumb/v7-m/crti.o
 .bss           0x00000000        0x0 c:/ac6/systemworkbench/plugins/fr.ac6.mcu.externaltools.arm-none.win32_1.17.0.201812190825/tools/compiler/bin/../lib/gcc/arm-none-eabi/7.3.1/thumb/v7-m/crti.o
 .data          0x00000000        0x4 c:/ac6/systemworkbench/plugins/fr.ac6.mcu.externaltools.arm-none.win32_1.17.0.201812190825/tools/compiler/bin/../lib/gcc/arm-none-eabi/7.3.1/thumb/v7-m/crtbegin.o
 .text          0x00000000       0x74 c:/ac6/systemworkbench/plugins/fr.ac6.mcu.externaltools.arm-none.win32_1.17.0.201812190825/tools/compiler/bin/../lib/gcc/arm-none-eabi/7.3.1/../../../../arm-none-eabi/lib/thumb/v7-m/crt0.o
 .data          0x00000000        0x0 c:/ac6/systemworkbench/plugins/fr.ac6.mcu.externaltools.arm-none.win32_1.17.0.201812190825/tools/compiler/bin/../lib/gcc/arm-none-eabi/7.3.1/../../../../arm-none-eabi/lib/thumb/v7-m/crt0.o
 .bss           0x00000000        0x0 c:/ac6/systemworkbench/plugins/fr.ac6.mcu.externaltools.arm-none.win32_1.17.0.201812190825/tools/compiler/bin/../lib/gcc/arm-none-eabi/7.3.1/../../../../arm-none-eabi/lib/thumb/v7-m/crt0.o
 .ARM.extab     0x00000000        0x0 c:/ac6/systemworkbench/plugins/fr.ac6.mcu.externaltools.arm-none.win32_1.17.0.201812190825/tools/compiler/bin/../lib/gcc/arm-none-eabi/7.3.1/../../../../arm-none-eabi/lib/thumb/v7-m/crt0.o
 .ARM.exidx     0x00000000        0x8 c:/ac6/systemworkbench/plugins/fr.ac6.mcu.externaltools.arm-none.win32_1.17.0.201812190825/tools/compiler/bin/../lib/gcc/arm-none-eabi/7.3.1/../../../../arm-none-eabi/lib/thumb/v7-m/crt0.o
 .ARM.attributes
                0x00000000       0x1b c:/ac6/systemworkbench/plugins/fr.ac6.mcu.externaltools.arm-none.win32_1.17.0.201812190825/tools/compiler/bin/../lib/gcc/arm-none-eabi/7.3.1/../../../../arm-none-eabi/lib/thumb/v7-m/crt0.o
 .group         0x00000000        0xc Core/Src/main.o
 .group         0x00000000        0xc Core/Src/main.o
 .group         0x00000000        0xc Core/Src/main.o
[...]
Memory Configuration

Name             Origin             Length             Attributes
RAM              0x20000000         0x00005000         xrw
FLASH            0x08000000         0x00010000         xr
*default*        0x00000000         0xffffffff

Linker script and memory map

LOAD c:/ac6/systemworkbench/plugins/fr.ac6.mcu.externaltools.arm-none.win32_1.17.0.201812190825/tools/compiler/bin/../lib/gcc/arm-none-eabi/7.3.1/thumb/v7-m/crti.o
LOAD c:/ac6/systemworkbench/plugins/fr.ac6.mcu.externaltools.arm-none.win32_1.17.0.201812190825/tools/compiler/bin/../lib/gcc/arm-none-eabi/7.3.1/thumb/v7-m/crtbegin.o
LOAD c:/ac6/systemworkbench/plugins/fr.ac6.mcu.externaltools.arm-none.win32_1.17.0.201812190825/tools/compiler/bin/../lib/gcc/arm-none-eabi/7.3.1/../../../../arm-none-eabi/lib/thumb/v7-m/crt0.o
LOAD Core/Src/main.o
LOAD Core/Src/stm32f1xx_hal_msp.o
LOAD Core/Src/stm32f1xx_it.o
LOAD Core/Src/syscalls.o
LOAD Core/Src/system_stm32f1xx.o
LOAD Drivers/STM32F1xx_HAL_Driver/Src/stm32f1xx_hal.o
LOAD Drivers/STM32F1xx_HAL_Driver/Src/stm32f1xx_hal_cortex.o
LOAD Drivers/STM32F1xx_HAL_Driver/Src/stm32f1xx_hal_dma.o
LOAD Drivers/STM32F1xx_HAL_Driver/Src/stm32f1xx_hal_exti.o
LOAD Drivers/STM32F1xx_HAL_Driver/Src/stm32f1xx_hal_flash.o
LOAD Drivers/STM32F1xx_HAL_Driver/Src/stm32f1xx_hal_flash_ex.o
LOAD Drivers/STM32F1xx_HAL_Driver/Src/stm32f1xx_hal_gpio.o
LOAD Drivers/STM32F1xx_HAL_Driver/Src/stm32f1xx_hal_gpio_ex.o
LOAD Drivers/STM32F1xx_HAL_Driver/Src/stm32f1xx_hal_pwr.o
LOAD Drivers/STM32F1xx_HAL_Driver/Src/stm32f1xx_hal_rcc.o
LOAD Drivers/STM32F1xx_HAL_Driver/Src/stm32f1xx_hal_rcc_ex.o
LOAD Drivers/STM32F1xx_HAL_Driver/Src/stm32f1xx_hal_tim.o
LOAD Drivers/STM32F1xx_HAL_Driver/Src/stm32f1xx_hal_tim_ex.o
LOAD Drivers/STM32F1xx_HAL_Driver/Src/stm32f1xx_hal_uart.o
LOAD startup/startup_stm32f103xb.o
LOAD c:/ac6/systemworkbench/plugins/fr.ac6.mcu.externaltools.arm-none.win32_1.17.0.201812190825/tools/compiler/bin/../lib/gcc/arm-none-eabi/7.3.1/../../../../arm-none-eabi/lib/thumb/v7-m\libm.a
START GROUP
LOAD c:/ac6/systemworkbench/plugins/fr.ac6.mcu.externaltools.arm-none.win32_1.17.0.201812190825/tools/compiler/bin/../lib/gcc/arm-none-eabi/7.3.1/thumb/v7-m\libgcc.a
LOAD c:/ac6/systemworkbench/plugins/fr.ac6.mcu.externaltools.arm-none.win32_1.17.0.201812190825/tools/compiler/bin/../lib/gcc/arm-none-eabi/7.3.1/../../../../arm-none-eabi/lib/thumb/v7-m\libc_nano.a
END GROUP
START GROUP
LOAD c:/ac6/systemworkbench/plugins/fr.ac6.mcu.externaltools.arm-none.win32_1.17.0.201812190825/tools/compiler/bin/../lib/gcc/arm-none-eabi/7.3.1/thumb/v7-m\libgcc.a
LOAD c:/ac6/systemworkbench/plugins/fr.ac6.mcu.externaltools.arm-none.win32_1.17.0.201812190825/tools/compiler/bin/../lib/gcc/arm-none-eabi/7.3.1/../../../../arm-none-eabi/lib/thumb/v7-m\libc_nano.a
LOAD c:/ac6/systemworkbench/plugins/fr.ac6.mcu.externaltools.arm-none.win32_1.17.0.201812190825/tools/compiler/bin/../lib/gcc/arm-none-eabi/7.3.1/../../../../arm-none-eabi/lib/thumb/v7-m\libnosys.a
END GROUP
START GROUP
LOAD c:/ac6/systemworkbench/plugins/fr.ac6.mcu.externaltools.arm-none.win32_1.17.0.201812190825/tools/compiler/bin/../lib/gcc/arm-none-eabi/7.3.1/thumb/v7-m\libgcc.a
LOAD c:/ac6/systemworkbench/plugins/fr.ac6.mcu.externaltools.arm-none.win32_1.17.0.201812190825/tools/compiler/bin/../lib/gcc/arm-none-eabi/7.3.1/../../../../arm-none-eabi/lib/thumb/v7-m\libc_nano.a
LOAD c:/ac6/systemworkbench/plugins/fr.ac6.mcu.externaltools.arm-none.win32_1.17.0.201812190825/tools/compiler/bin/../lib/gcc/arm-none-eabi/7.3.1/../../../../arm-none-eabi/lib/thumb/v7-m\libnosys.a
END GROUP
LOAD c:/ac6/systemworkbench/plugins/fr.ac6.mcu.externaltools.arm-none.win32_1.17.0.201812190825/tools/compiler/bin/../lib/gcc/arm-none-eabi/7.3.1/thumb/v7-m/crtend.o
LOAD c:/ac6/systemworkbench/plugins/fr.ac6.mcu.externaltools.arm-none.win32_1.17.0.201812190825/tools/compiler/bin/../lib/gcc/arm-none-eabi/7.3.1/thumb/v7-m/crtn.o
                0x20005000                _estack = 0x20005000
                0x00000800                _Min_Heap_Size = 0x800
                0x00001000                _Min_Stack_Size = 0x1000

.isr_vector     0x08000000      0x10c
                0x08000000                . = ALIGN (0x4)
 *(.isr_vector)
 .isr_vector    0x08000000      0x10c startup/startup_stm32f103xb.o
                0x08000000                g_pfnVectors
                0x0800010c                . = ALIGN (0x4)

.text           0x0800010c     0x1c74
                0x0800010c                . = ALIGN (0x4)
 *(.text)
 .text          0x0800010c       0x40 c:/ac6/systemworkbench/plugins/fr.ac6.mcu.externaltools.arm-none.win32_1.17.0.201812190825/tools/compiler/bin/../lib/gcc/arm-none-eabi/7.3.1/thumb/v7-m/crtbegin.o
 *(.text*)
 .text.MX_GPIO_Init
                0x0800014c       0x8c Core/Src/main.o
 .text.Buf_Write
                0x080001d8       0x38 Core/Src/main.o
                0x080001d8                Buf_Write
 .text.Transfer_To_The_Range
                0x08000210       0x30 Core/Src/main.o
                0x08000210                Transfer_To_The_Range
 .text.Parser_Buf
                0x08000240      0x1f0 Core/Src/main.o
                0x08000240                Parser_Buf
 .text.Error_Handler
                0x08000430        0x4 Core/Src/main.o
                0x08000430                Error_Handler
 .text.MX_USART3_UART_Init
                0x08000434       0x34 Core/Src/main.o
 .text.MX_TIM1_Init
                0x08000468       0xec Core/Src/main.o
 .text.MX_TIM4_Init
                0x08000554       0xb0 Core/Src/main.o
 .text.SystemClock_Config
                0x08000604       0x56 Core/Src/main.o
                0x08000604                SystemClock_Config
 *fill*         0x0800065a        0x2 
 .text.main     0x0800065c       0x9c Core/Src/main.o
                0x0800065c                main
 .text.HAL_MspInit
                0x080006f8       0x44 Core/Src/stm32f1xx_hal_msp.o
                0x080006f8                HAL_MspInit
 .text.HAL_TIM_PWM_MspInit
                0x0800073c       0x4c Core/Src/stm32f1xx_hal_msp.o
                0x0800073c                HAL_TIM_PWM_MspInit
 .text.HAL_TIM_MspPostInit
                0x08000788       0x8c Core/Src/stm32f1xx_hal_msp.o
                0x08000788                HAL_TIM_MspPostInit
 .text.HAL_UART_MspInit
                0x08000814       0x88 Core/Src/stm32f1xx_hal_msp.o
                0x08000814                HAL_UART_MspInit
 .text.NMI_Handler
                0x0800089c        0x2 Core/Src/stm32f1xx_it.o
                0x0800089c                NMI_Handler
 .text.HardFault_Handler
                0x0800089e        0x2 Core/Src/stm32f1xx_it.o
                0x0800089e                HardFault_Handler
 .text.MemManage_Handler
                0x080008a0        0x2 Core/Src/stm32f1xx_it.o
                0x080008a0                MemManage_Handler
 .text.BusFault_Handler
                0x080008a2        0x2 Core/Src/stm32f1xx_it.o
                0x080008a2                BusFault_Handler
 .text.UsageFault_Handler
                0x080008a4        0x2 Core/Src/stm32f1xx_it.o
                0x080008a4                UsageFault_Handler
 .text.SVC_Handler
                0x080008a6        0x2 Core/Src/stm32f1xx_it.o
                0x080008a6                SVC_Handler
 .text.DebugMon_Handler
                0x080008a8        0x2 Core/Src/stm32f1xx_it.o
                0x080008a8                DebugMon_Handler
 .text.PendSV_Handler
                0x080008aa        0x2 Core/Src/stm32f1xx_it.o
                0x080008aa                PendSV_Handler
 .text.SysTick_Handler
                0x080008ac        0x8 Core/Src/stm32f1xx_it.o
                0x080008ac                SysTick_Handler
 .text.USART3_IRQHandler
                0x080008b4       0x44 Core/Src/stm32f1xx_it.o
                0x080008b4                USART3_IRQHandler
 .text.SystemInit
                0x080008f8        0x2 Core/Src/system_stm32f1xx.o
                0x080008f8                SystemInit
 *fill*         0x080008fa        0x2 
 .text.HAL_InitTick
                0x080008fc       0x48 Drivers/STM32F1xx_HAL_Driver/Src/stm32f1xx_hal.o
                0x080008fc                HAL_InitTick
 .text.HAL_Init
                0x08000944       0x24 Drivers/STM32F1xx_HAL_Driver/Src/stm32f1xx_hal.o
                0x08000944                HAL_Init
 .text.HAL_IncTick
                0x08000968       0x18 Drivers/STM32F1xx_HAL_Driver/Src/stm32f1xx_hal.o
                0x08000968                HAL_IncTick
 .text.HAL_GetTick
                0x08000980        0xc Drivers/STM32F1xx_HAL_Driver/Src/stm32f1xx_hal.o
                0x08000980                HAL_GetTick
 .text.HAL_NVIC_SetPriorityGrouping
                0x0800098c       0x24 Drivers/STM32F1xx_HAL_Driver/Src/stm32f1xx_hal_cortex.o
                0x0800098c                HAL_NVIC_SetPriorityGrouping
 .text.HAL_NVIC_SetPriority
                0x080009b0       0x68 Drivers/STM32F1xx_HAL_Driver/Src/stm32f1xx_hal_cortex.o
                0x080009b0                HAL_NVIC_SetPriority
 .text.HAL_NVIC_EnableIRQ
                0x08000a18       0x1c Drivers/STM32F1xx_HAL_Driver/Src/stm32f1xx_hal_cortex.o
                0x08000a18                HAL_NVIC_EnableIRQ
 .text.HAL_SYSTICK_Config
                0x08000a34       0x2c Drivers/STM32F1xx_HAL_Driver/Src/stm32f1xx_hal_cortex.o
                0x08000a34                HAL_SYSTICK_Config
 .text.HAL_DMA_Abort
                0x08000a60       0x44 Drivers/STM32F1xx_HAL_Driver/Src/stm32f1xx_hal_dma.o
                0x08000a60                HAL_DMA_Abort
 .text.HAL_DMA_Abort_IT
                0x08000aa4       0x98 Drivers/STM32F1xx_HAL_Driver/Src/stm32f1xx_hal_dma.o
                0x08000aa4                HAL_DMA_Abort_IT
 .text.HAL_GPIO_Init
                0x08000b3c      0x1d8 Drivers/STM32F1xx_HAL_Driver/Src/stm32f1xx_hal_gpio.o
                0x08000b3c                HAL_GPIO_Init
 .text.HAL_GPIO_WritePin
                0x08000d14        0xc Drivers/STM32F1xx_HAL_Driver/Src/stm32f1xx_hal_gpio.o
                0x08000d14                HAL_GPIO_WritePin
 .text.RCC_Delay
                0x08000d20       0x2c Drivers/STM32F1xx_HAL_Driver/Src/stm32f1xx_hal_rcc.o
 .text.HAL_RCC_OscConfig
                0x08000d4c      0x410 Drivers/STM32F1xx_HAL_Driver/Src/stm32f1xx_hal_rcc.o
                0x08000d4c                HAL_RCC_OscConfig
 .text.HAL_RCC_GetSysClockFreq
                0x0800115c       0x70 Drivers/STM32F1xx_HAL_Driver/Src/stm32f1xx_hal_rcc.o
                0x0800115c                HAL_RCC_GetSysClockFreq
 .text.HAL_RCC_ClockConfig
                0x080011cc      0x168 Drivers/STM32F1xx_HAL_Driver/Src/stm32f1xx_hal_rcc.o
                0x080011cc                HAL_RCC_ClockConfig
 .text.HAL_RCC_GetHCLKFreq
                0x08001334        0xc Drivers/STM32F1xx_HAL_Driver/Src/stm32f1xx_hal_rcc.o
                0x08001334                HAL_RCC_GetHCLKFreq
 .text.HAL_RCC_GetPCLK1Freq
                0x08001340       0x20 Drivers/STM32F1xx_HAL_Driver/Src/stm32f1xx_hal_rcc.o
                0x08001340                HAL_RCC_GetPCLK1Freq
 .text.HAL_RCC_GetPCLK2Freq
                0x08001360       0x20 Drivers/STM32F1xx_HAL_Driver/Src/stm32f1xx_hal_rcc.o
                0x08001360                HAL_RCC_GetPCLK2Freq
 .text.TIM_OC1_SetConfig
                0x08001380       0x5c Drivers/STM32F1xx_HAL_Driver/Src/stm32f1xx_hal_tim.o
 .text.TIM_OC3_SetConfig
                0x080013dc       0x64 Drivers/STM32F1xx_HAL_Driver/Src/stm32f1xx_hal_tim.o
 .text.TIM_OC4_SetConfig
                0x08001440       0x48 Drivers/STM32F1xx_HAL_Driver/Src/stm32f1xx_hal_tim.o
 .text.TIM_Base_SetConfig
                0x08001488       0x74 Drivers/STM32F1xx_HAL_Driver/Src/stm32f1xx_hal_tim.o
                0x08001488                TIM_Base_SetConfig
 .text.HAL_TIM_PWM_Init
                0x080014fc       0x56 Drivers/STM32F1xx_HAL_Driver/Src/stm32f1xx_hal_tim.o
                0x080014fc                HAL_TIM_PWM_Init
 *fill*         0x08001552        0x2 
 .text.TIM_OC2_SetConfig
                0x08001554       0x64 Drivers/STM32F1xx_HAL_Driver/Src/stm32f1xx_hal_tim.o
                0x08001554                TIM_OC2_SetConfig
 .text.HAL_TIM_PWM_ConfigChannel
                0x080015b8       0xd0 Drivers/STM32F1xx_HAL_Driver/Src/stm32f1xx_hal_tim.o
                0x080015b8                HAL_TIM_PWM_ConfigChannel
 .text.TIM_CCxChannelCmd
                0x08001688       0x20 Drivers/STM32F1xx_HAL_Driver/Src/stm32f1xx_hal_tim.o
                0x08001688                TIM_CCxChannelCmd
 .text.HAL_TIM_PWM_Start
                0x080016a8       0xe4 Drivers/STM32F1xx_HAL_Driver/Src/stm32f1xx_hal_tim.o
                0x080016a8                HAL_TIM_PWM_Start
 .text.HAL_TIMEx_MasterConfigSynchronization
                0x0800178c       0x68 Drivers/STM32F1xx_HAL_Driver/Src/stm32f1xx_hal_tim_ex.o
                0x0800178c                HAL_TIMEx_MasterConfigSynchronization
 .text.HAL_TIMEx_ConfigBreakDeadTime
                0x080017f4       0x52 Drivers/STM32F1xx_HAL_Driver/Src/stm32f1xx_hal_tim_ex.o
                0x080017f4                HAL_TIMEx_ConfigBreakDeadTime
 .text.UART_EndRxTransfer
                0x08001846       0x32 Drivers/STM32F1xx_HAL_Driver/Src/stm32f1xx_hal_uart.o
 .text.UART_Transmit_IT
                0x08001878       0x62 Drivers/STM32F1xx_HAL_Driver/Src/stm32f1xx_hal_uart.o
 *fill*         0x080018da        0x2 
 .text.UART_SetConfig
                0x080018dc       0x90 Drivers/STM32F1xx_HAL_Driver/Src/stm32f1xx_hal_uart.o
 .text.HAL_UART_Init
                0x0800196c       0x5e Drivers/STM32F1xx_HAL_Driver/Src/stm32f1xx_hal_uart.o
                0x0800196c                HAL_UART_Init
 .text.HAL_UART_TxCpltCallback
                0x080019ca        0x2 Drivers/STM32F1xx_HAL_Driver/Src/stm32f1xx_hal_uart.o
                0x080019ca                HAL_UART_TxCpltCallback
 .text.UART_EndTransmit_IT
                0x080019cc       0x1a Drivers/STM32F1xx_HAL_Driver/Src/stm32f1xx_hal_uart.o
 .text.HAL_UART_RxCpltCallback
                0x080019e6        0x2 Drivers/STM32F1xx_HAL_Driver/Src/stm32f1xx_hal_uart.o
                0x080019e6                HAL_UART_RxCpltCallback
 .text.HAL_UART_ErrorCallback
                0x080019e8        0x2 Drivers/STM32F1xx_HAL_Driver/Src/stm32f1xx_hal_uart.o
                0x080019e8                HAL_UART_ErrorCallback
 .text.UART_DMAAbortOnError
                0x080019ea       0x10 Drivers/STM32F1xx_HAL_Driver/Src/stm32f1xx_hal_uart.o
 .text.HAL_UARTEx_RxEventCallback
                0x080019fa        0x2 Drivers/STM32F1xx_HAL_Driver/Src/stm32f1xx_hal_uart.o
                0x080019fa                HAL_UARTEx_RxEventCallback
 .text.UART_Receive_IT
                0x080019fc       0xd4 Drivers/STM32F1xx_HAL_Driver/Src/stm32f1xx_hal_uart.o
 .text.HAL_UART_IRQHandler
                0x08001ad0      0x1f4 Drivers/STM32F1xx_HAL_Driver/Src/stm32f1xx_hal_uart.o
                0x08001ad0                HAL_UART_IRQHandler
 .text.Reset_Handler
                0x08001cc4       0x48 startup/startup_stm32f103xb.o
                0x08001cc4                Reset_Handler
 .text.Default_Handler
                0x08001d0c        0x2 startup/startup_stm32f103xb.o
                0x08001d0c                RTC_Alarm_IRQHandler
                0x08001d0c                EXTI2_IRQHandler
                0x08001d0c                TIM1_CC_IRQHandler
                0x08001d0c                PVD_IRQHandler
                0x08001d0c                EXTI3_IRQHandler
                0x08001d0c                EXTI0_IRQHandler
                0x08001d0c                I2C2_EV_IRQHandler
                0x08001d0c                ADC1_2_IRQHandler
                0x08001d0c                SPI1_IRQHandler
                0x08001d0c                TAMPER_IRQHandler
                0x08001d0c                DMA1_Channel4_IRQHandler
                0x08001d0c                RTC_IRQHandler
                0x08001d0c                DMA1_Channel7_IRQHandler
                0x08001d0c                CAN1_RX1_IRQHandler
                0x08001d0c                TIM4_IRQHandler
                0x08001d0c                I2C1_EV_IRQHandler
                0x08001d0c                DMA1_Channel6_IRQHandler
                0x08001d0c                TIM3_IRQHandler
                0x08001d0c                RCC_IRQHandler
                0x08001d0c                TIM1_TRG_COM_IRQHandler
                0x08001d0c                DMA1_Channel1_IRQHandler
                0x08001d0c                Default_Handler
                0x08001d0c                EXTI15_10_IRQHandler
                0x08001d0c                EXTI9_5_IRQHandler
                0x08001d0c                SPI2_IRQHandler
                0x08001d0c                DMA1_Channel5_IRQHandler
                0x08001d0c                EXTI4_IRQHandler
                0x08001d0c                USB_LP_CAN1_RX0_IRQHandler
                0x08001d0c                USB_HP_CAN1_TX_IRQHandler
                0x08001d0c                DMA1_Channel3_IRQHandler
                0x08001d0c                TIM1_UP_IRQHandler
                0x08001d0c                WWDG_IRQHandler
                0x08001d0c                TIM2_IRQHandler
                0x08001d0c                TIM1_BRK_IRQHandler
                0x08001d0c                EXTI1_IRQHandler
                0x08001d0c                USART2_IRQHandler
                0x08001d0c                I2C2_ER_IRQHandler
                0x08001d0c                DMA1_Channel2_IRQHandler
                0x08001d0c                CAN1_SCE_IRQHandler
                0x08001d0c                FLASH_IRQHandler
                0x08001d0c                USART1_IRQHandler
                0x08001d0c                I2C1_ER_IRQHandler
                0x08001d0c                USBWakeUp_IRQHandler
 *fill*         0x08001d0e        0x2 
 .text.__libc_init_array
                0x08001d10       0x48 c:/ac6/systemworkbench/plugins/fr.ac6.mcu.externaltools.arm-none.win32_1.17.0.201812190825/tools/compiler/bin/../lib/gcc/arm-none-eabi/7.3.1/../../../../arm-none-eabi/lib/thumb/v7-m\libc_nano.a(lib_a-init.o)
                0x08001d10                __libc_init_array
 .text.memset   0x08001d58       0x10 c:/ac6/systemworkbench/plugins/fr.ac6.mcu.externaltools.arm-none.win32_1.17.0.201812190825/tools/compiler/bin/../lib/gcc/arm-none-eabi/7.3.1/../../../../arm-none-eabi/lib/thumb/v7-m\libc_nano.a(lib_a-memset.o)
                0x08001d58                memset
 *(.glue_7)
 .glue_7        0x08001d68        0x0 linker stubs
 *(.glue_7t)
 .glue_7t       0x08001d68        0x0 linker stubs
 *(.eh_frame)
 .eh_frame      0x08001d68        0x0 c:/ac6/systemworkbench/plugins/fr.ac6.mcu.externaltools.arm-none.win32_1.17.0.201812190825/tools/compiler/bin/../lib/gcc/arm-none-eabi/7.3.1/thumb/v7-m/crtbegin.o
 *(.init)
 .init          0x08001d68        0x4 c:/ac6/systemworkbench/plugins/fr.ac6.mcu.externaltools.arm-none.win32_1.17.0.201812190825/tools/compiler/bin/../lib/gcc/arm-none-eabi/7.3.1/thumb/v7-m/crti.o
                0x08001d68                _init
 .init          0x08001d6c        0x8 c:/ac6/systemworkbench/plugins/fr.ac6.mcu.externaltools.arm-none.win32_1.17.0.201812190825/tools/compiler/bin/../lib/gcc/arm-none-eabi/7.3.1/thumb/v7-m/crtn.o
 *(.fini)
 .fini          0x08001d74        0x4 c:/ac6/systemworkbench/plugins/fr.ac6.mcu.externaltools.arm-none.win32_1.17.0.201812190825/tools/compiler/bin/../lib/gcc/arm-none-eabi/7.3.1/thumb/v7-m/crti.o
                0x08001d74                _fini
 .fini          0x08001d78        0x8 c:/ac6/systemworkbench/plugins/fr.ac6.mcu.externaltools.arm-none.win32_1.17.0.201812190825/tools/compiler/bin/../lib/gcc/arm-none-eabi/7.3.1/thumb/v7-m/crtn.o
                0x08001d80                . = ALIGN (0x4)
                0x08001d80                _etext = .

.vfp11_veneer   0x08001d80        0x0
 .vfp11_veneer  0x08001d80        0x0 linker stubs

.v4_bx          0x08001d80        0x0
 .v4_bx         0x08001d80        0x0 linker stubs

.iplt           0x08001d80        0x0
 .iplt          0x08001d80        0x0 c:/ac6/systemworkbench/plugins/fr.ac6.mcu.externaltools.arm-none.win32_1.17.0.201812190825/tools/compiler/bin/../lib/gcc/arm-none-eabi/7.3.1/thumb/v7-m/crtbegin.o

.rodata         0x08001d80       0x2c
                0x08001d80                . = ALIGN (0x4)
 *(.rodata)
 .rodata        0x08001d80       0x18 Core/Src/system_stm32f1xx.o
                0x08001d80                AHBPrescTable
                0x08001d90                APBPrescTable
 .rodata        0x08001d98       0x12 Drivers/STM32F1xx_HAL_Driver/Src/stm32f1xx_hal_rcc.o
 *(.rodata*)
                0x08001dac                . = ALIGN (0x4)
 *fill*         0x08001daa        0x2 

.rel.dyn        0x08001dac        0x0
 .rel.iplt      0x08001dac        0x0 c:/ac6/systemworkbench/plugins/fr.ac6.mcu.externaltools.arm-none.win32_1.17.0.201812190825/tools/compiler/bin/../lib/gcc/arm-none-eabi/7.3.1/thumb/v7-m/crtbegin.o

.ARM.extab
 *(.ARM.extab* .gnu.linkonce.armextab.*)

.ARM            0x08001dac        0x0
                0x08001dac                __exidx_start = .
 *(.ARM.exidx*)
                0x08001dac                __exidx_end = .

.preinit_array  0x08001dac        0x0
                0x08001dac                PROVIDE (__preinit_array_start = .)
 *(.preinit_array*)
                0x08001dac                PROVIDE (__preinit_array_end = .)

.init_array     0x08001dac        0x4
                0x08001dac                PROVIDE (__init_array_start = .)
 *(SORT_BY_NAME(.init_array.*))
 *(.init_array*)
 .init_array    0x08001dac        0x4 c:/ac6/systemworkbench/plugins/fr.ac6.mcu.externaltools.arm-none.win32_1.17.0.201812190825/tools/compiler/bin/../lib/gcc/arm-none-eabi/7.3.1/thumb/v7-m/crtbegin.o
                0x08001db0                PROVIDE (__init_array_end = .)

.fini_array     0x08001db0        0x4
                [!provide]                PROVIDE (__fini_array_start = .)
 *(SORT_BY_NAME(.fini_array.*))
 *(.fini_array*)
 .fini_array    0x08001db0        0x4 c:/ac6/systemworkbench/plugins/fr.ac6.mcu.externaltools.arm-none.win32_1.17.0.201812190825/tools/compiler/bin/../lib/gcc/arm-none-eabi/7.3.1/thumb/v7-m/crtbegin.o
                [!provide]                PROVIDE (__fini_array_end = .)
                0x08001db4                _sidata = LOADADDR (.data)

.data           0x20000000       0xec load address 0x08001db4
                0x20000000                . = ALIGN (0x4)
                0x20000000                _sdata = .
 *(.data)
 .data          0x20000000       0xe0 Core/Src/main.o
                0x20000000                ServoA
                0x20000014                ServoB
                0x20000028                ServoC
                0x2000003c                ServoD
                0x20000050                ServoE
                0x20000064                ServoF
                0x20000078                buf
 .data          0x200000e0        0x4 Core/Src/system_stm32f1xx.o
                0x200000e0                SystemCoreClock
 .data          0x200000e4        0x8 Drivers/STM32F1xx_HAL_Driver/Src/stm32f1xx_hal.o
                0x200000e4                uwTickFreq
                0x200000e8                uwTickPrio
 *(.data*)
                0x200000ec                . = ALIGN (0x4)
                0x200000ec                _edata = .

.igot.plt       0x200000ec        0x0 load address 0x08001ea0
 .igot.plt      0x200000ec        0x0 c:/ac6/systemworkbench/plugins/fr.ac6.mcu.externaltools.arm-none.win32_1.17.0.201812190825/tools/compiler/bin/../lib/gcc/arm-none-eabi/7.3.1/thumb/v7-m/crtbegin.o
                0x200000ec                . = ALIGN (0x4)

.bss            0x200000ec      0x11c load address 0x08001ea0
                0x200000ec                _sbss = .
                0x200000ec                __bss_start__ = _sbss
 *(.bss)
 .bss           0x200000ec       0x1c c:/ac6/systemworkbench/plugins/fr.ac6.mcu.externaltools.arm-none.win32_1.17.0.201812190825/tools/compiler/bin/../lib/gcc/arm-none-eabi/7.3.1/thumb/v7-m/crtbegin.o
 *(.bss*)
 *(COMMON)
 COMMON         0x20000108       0xfb Core/Src/main.o
                0x20000108                htim4
                0x20000150                huart3
                0x20000194                htim1
                0x200001dc                One_str
 *fill*         0x20000203        0x1 
 COMMON         0x20000204        0x4 Drivers/STM32F1xx_HAL_Driver/Src/stm32f1xx_hal.o
                0x20000204                uwTick
                0x20000208                . = ALIGN (0x4)
                0x20000208                _ebss = .
                0x20000208                __bss_end__ = _ebss

._user_heap_stack
                0x20000208     0x1800 load address 0x08001ea0
                0x20000208                . = ALIGN (0x8)
                0x20000208                PROVIDE (end = .)
                [!provide]                PROVIDE (_end = .)
                0x20000a08                . = (. + _Min_Heap_Size)
 *fill*         0x20000208      0x800 
                0x20001a08                . = (. + _Min_Stack_Size)
 *fill*         0x20000a08     0x1000 
                0x20001a08                . = ALIGN (0x8)

/DISCARD/
 libc.a(*)
 libm.a(*)
 libgcc.a(*)

.ARM.attributes
                0x00000000       0x29
 *(.ARM.attributes)
 .ARM.attributes
                0x00000000       0x1d c:/ac6/systemworkbench/plugins/fr.ac6.mcu.externaltools.arm-none.win32_1.17.0.201812190825/tools/compiler/bin/../lib/gcc/arm-none-eabi/7.3.1/thumb/v7-m/crti.o
 .ARM.attributes
                0x0000001d       0x2d c:/ac6/systemworkbench/plugins/fr.ac6.mcu.externaltools.arm-none.win32_1.17.0.201812190825/tools/compiler/bin/../lib/gcc/arm-none-eabi/7.3.1/thumb/v7-m/crtbegin.o
 .ARM.attributes
                0x0000004a       0x33 Core/Src/main.o
 .ARM.attributes
                0x0000007d       0x33 Core/Src/stm32f1xx_hal_msp.o
 .ARM.attributes
                0x000000b0       0x33 Core/Src/stm32f1xx_it.o
 .ARM.attributes
                0x000000e3       0x33 Core/Src/system_stm32f1xx.o
 .ARM.attributes
                0x00000116       0x33 Drivers/STM32F1xx_HAL_Driver/Src/stm32f1xx_hal.o
 .ARM.attributes
                0x00000149       0x33 Drivers/STM32F1xx_HAL_Driver/Src/stm32f1xx_hal_cortex.o
 .ARM.attributes
                0x0000017c       0x33 Drivers/STM32F1xx_HAL_Driver/Src/stm32f1xx_hal_dma.o
 .ARM.attributes
                0x000001af       0x33 Drivers/STM32F1xx_HAL_Driver/Src/stm32f1xx_hal_gpio.o
 .ARM.attributes
                0x000001e2       0x33 Drivers/STM32F1xx_HAL_Driver/Src/stm32f1xx_hal_rcc.o
 .ARM.attributes
                0x00000215       0x33 Drivers/STM32F1xx_HAL_Driver/Src/stm32f1xx_hal_tim.o
 .ARM.attributes
                0x00000248       0x33 Drivers/STM32F1xx_HAL_Driver/Src/stm32f1xx_hal_tim_ex.o
 .ARM.attributes
                0x0000027b       0x33 Drivers/STM32F1xx_HAL_Driver/Src/stm32f1xx_hal_uart.o
 .ARM.attributes
                0x000002ae       0x21 startup/startup_stm32f103xb.o
 .ARM.attributes
                0x000002cf       0x2d c:/ac6/systemworkbench/plugins/fr.ac6.mcu.externaltools.arm-none.win32_1.17.0.201812190825/tools/compiler/bin/../lib/gcc/arm-none-eabi/7.3.1/../../../../arm-none-eabi/lib/thumb/v7-m\libc_nano.a(lib_a-init.o)
 .ARM.attributes
                0x000002fc       0x2d c:/ac6/systemworkbench/plugins/fr.ac6.mcu.externaltools.arm-none.win32_1.17.0.201812190825/tools/compiler/bin/../lib/gcc/arm-none-eabi/7.3.1/../../../../arm-none-eabi/lib/thumb/v7-m\libc_nano.a(lib_a-memset.o)
 .ARM.attributes
                0x00000329       0x1d c:/ac6/systemworkbench/plugins/fr.ac6.mcu.externaltools.arm-none.win32_1.17.0.201812190825/tools/compiler/bin/../lib/gcc/arm-none-eabi/7.3.1/thumb/v7-m/crtn.o
OUTPUT(test2.elf elf32-littlearm)

.debug_info     0x00000000     0xc4d4
 .debug_info    0x00000000     0x175e Core/Src/main.o
 .debug_info    0x0000175e      0xe9c Core/Src/stm32f1xx_hal_msp.o
 .debug_info    0x000025fa      0x72a Core/Src/stm32f1xx_it.o
 .debug_info    0x00002d24      0x29d Core/Src/system_stm32f1xx.o
 .debug_info    0x00002fc1      0x7c0 Drivers/STM32F1xx_HAL_Driver/Src/stm32f1xx_hal.o
 .debug_info    0x00003781      0xcb5 Drivers/STM32F1xx_HAL_Driver/Src/stm32f1xx_hal_cortex.o
 .debug_info    0x00004436      0x846 Drivers/STM32F1xx_HAL_Driver/Src/stm32f1xx_hal_dma.o
 .debug_info    0x00004c7c      0x6ab Drivers/STM32F1xx_HAL_Driver/Src/stm32f1xx_hal_gpio.o
 .debug_info    0x00005327      0x9ef Drivers/STM32F1xx_HAL_Driver/Src/stm32f1xx_hal_rcc.o
 .debug_info    0x00005d16     0x3596 Drivers/STM32F1xx_HAL_Driver/Src/stm32f1xx_hal_tim.o
 .debug_info    0x000092ac     0x17c7 Drivers/STM32F1xx_HAL_Driver/Src/stm32f1xx_hal_tim_ex.o
 .debug_info    0x0000aa73     0x1a3f Drivers/STM32F1xx_HAL_Driver/Src/stm32f1xx_hal_uart.o
 .debug_info    0x0000c4b2       0x22 startup/startup_stm32f103xb.o

.debug_abbrev   0x00000000     0x19e6
 .debug_abbrev  0x00000000      0x2ca Core/Src/main.o
 .debug_abbrev  0x000002ca      0x1e3 Core/Src/stm32f1xx_hal_msp.o
 .debug_abbrev  0x000004ad      0x1a7 Core/Src/stm32f1xx_it.o
 .debug_abbrev  0x00000654      0x134 Core/Src/system_stm32f1xx.o
 .debug_abbrev  0x00000788      0x1ed Drivers/STM32F1xx_HAL_Driver/Src/stm32f1xx_hal.o
 .debug_abbrev  0x00000975      0x303 Drivers/STM32F1xx_HAL_Driver/Src/stm32f1xx_hal_cortex.o
 .debug_abbrev  0x00000c78      0x23c Drivers/STM32F1xx_HAL_Driver/Src/stm32f1xx_hal_dma.o
 .debug_abbrev  0x00000eb4      0x1de Drivers/STM32F1xx_HAL_Driver/Src/stm32f1xx_hal_gpio.o
 .debug_abbrev  0x00001092      0x257 Drivers/STM32F1xx_HAL_Driver/Src/stm32f1xx_hal_rcc.o
 .debug_abbrev  0x000012e9      0x237 Drivers/STM32F1xx_HAL_Driver/Src/stm32f1xx_hal_tim.o
 .debug_abbrev  0x00001520      0x246 Drivers/STM32F1xx_HAL_Driver/Src/stm32f1xx_hal_tim_ex.o
 .debug_abbrev  0x00001766      0x26e Drivers/STM32F1xx_HAL_Driver/Src/stm32f1xx_hal_uart.o
 .debug_abbrev  0x000019d4       0x12 startup/startup_stm32f103xb.o

.debug_loc      0x00000000     0x96a9
 .debug_loc     0x00000000      0x2d6 Core/Src/main.o
 .debug_loc     0x000002d6       0xc7 Core/Src/stm32f1xx_hal_msp.o
 .debug_loc     0x0000039d       0xdf Core/Src/system_stm32f1xx.o
 .debug_loc     0x0000047c      0x11b Drivers/STM32F1xx_HAL_Driver/Src/stm32f1xx_hal.o
 .debug_loc     0x00000597      0x5ad Drivers/STM32F1xx_HAL_Driver/Src/stm32f1xx_hal_cortex.o
 .debug_loc     0x00000b44      0x7c6 Drivers/STM32F1xx_HAL_Driver/Src/stm32f1xx_hal_dma.o
 .debug_loc     0x0000130a      0x3d8 Drivers/STM32F1xx_HAL_Driver/Src/stm32f1xx_hal_gpio.o
 .debug_loc     0x000016e2      0x4bb Drivers/STM32F1xx_HAL_Driver/Src/stm32f1xx_hal_rcc.o
 .debug_loc     0x00001b9d     0x4611 Drivers/STM32F1xx_HAL_Driver/Src/stm32f1xx_hal_tim.o
 .debug_loc     0x000061ae     0x1a48 Drivers/STM32F1xx_HAL_Driver/Src/stm32f1xx_hal_tim_ex.o
 .debug_loc     0x00007bf6     0x1ab3 Drivers/STM32F1xx_HAL_Driver/Src/stm32f1xx_hal_uart.o

.debug_aranges  0x00000000      0xba0
 .debug_aranges
                0x00000000       0x90 Core/Src/main.o
 .debug_aranges
                0x00000090       0x48 Core/Src/stm32f1xx_hal_msp.o
 .debug_aranges
                0x000000d8       0x68 Core/Src/stm32f1xx_it.o
 .debug_aranges
                0x00000140       0x28 Core/Src/system_stm32f1xx.o
 .debug_aranges
                0x00000168       0xe0 Drivers/STM32F1xx_HAL_Driver/Src/stm32f1xx_hal.o
 .debug_aranges
                0x00000248       0x90 Drivers/STM32F1xx_HAL_Driver/Src/stm32f1xx_hal_cortex.o
 .debug_aranges
                0x000002d8       0x80 Drivers/STM32F1xx_HAL_Driver/Src/stm32f1xx_hal_dma.o
 .debug_aranges
                0x00000358       0x58 Drivers/STM32F1xx_HAL_Driver/Src/stm32f1xx_hal_gpio.o
 .debug_aranges
                0x000003b0       0x90 Drivers/STM32F1xx_HAL_Driver/Src/stm32f1xx_hal_rcc.o
 .debug_aranges
                0x00000440      0x3d0 Drivers/STM32F1xx_HAL_Driver/Src/stm32f1xx_hal_tim.o
 .debug_aranges
                0x00000810      0x168 Drivers/STM32F1xx_HAL_Driver/Src/stm32f1xx_hal_tim_ex.o
 .debug_aranges
                0x00000978      0x200 Drivers/STM32F1xx_HAL_Driver/Src/stm32f1xx_hal_uart.o
 .debug_aranges
                0x00000b78       0x28 startup/startup_stm32f103xb.o

.debug_ranges   0x00000000      0xb58
 .debug_ranges  0x00000000       0x80 Core/Src/main.o
 .debug_ranges  0x00000080       0x38 Core/Src/stm32f1xx_hal_msp.o
 .debug_ranges  0x000000b8       0x58 Core/Src/stm32f1xx_it.o
 .debug_ranges  0x00000110       0x18 Core/Src/system_stm32f1xx.o
 .debug_ranges  0x00000128       0xd0 Drivers/STM32F1xx_HAL_Driver/Src/stm32f1xx_hal.o
 .debug_ranges  0x000001f8       0xe0 Drivers/STM32F1xx_HAL_Driver/Src/stm32f1xx_hal_cortex.o
 .debug_ranges  0x000002d8       0x70 Drivers/STM32F1xx_HAL_Driver/Src/stm32f1xx_hal_dma.o
 .debug_ranges  0x00000348       0x48 Drivers/STM32F1xx_HAL_Driver/Src/stm32f1xx_hal_gpio.o
 .debug_ranges  0x00000390       0xa0 Drivers/STM32F1xx_HAL_Driver/Src/stm32f1xx_hal_rcc.o
 .debug_ranges  0x00000430      0x3c0 Drivers/STM32F1xx_HAL_Driver/Src/stm32f1xx_hal_tim.o
 .debug_ranges  0x000007f0      0x158 Drivers/STM32F1xx_HAL_Driver/Src/stm32f1xx_hal_tim_ex.o
 .debug_ranges  0x00000948      0x1f0 Drivers/STM32F1xx_HAL_Driver/Src/stm32f1xx_hal_uart.o
 .debug_ranges  0x00000b38       0x20 startup/startup_stm32f103xb.o

.debug_macro    0x00000000    0x16b92
 .debug_macro   0x00000000      0x1b6 Core/Src/main.o
 .debug_macro   0x000001b6      0xa54 Core/Src/main.o
 .debug_macro   0x00000c0a      0x21b Core/Src/main.o
 .debug_macro   0x00000e25       0x2e Core/Src/main.o
 .debug_macro   0x00000e53       0x22 Core/Src/main.o
 .debug_macro   0x00000e75       0x22 Core/Src/main.o
 .debug_macro   0x00000e97       0x8e Core/Src/main.o
 .debug_macro   0x00000f25       0x51 Core/Src/main.o
 .debug_macro   0x00000f76       0xef Core/Src/main.o
 .debug_macro   0x00001065       0x6a Core/Src/main.o
 .debug_macro   0x000010cf      0x1df Core/Src/main.o
 .debug_macro   0x000012ae       0x1c Core/Src/main.o
 .debug_macro   0x000012ca       0x22 Core/Src/main.o
 .debug_macro   0x000012ec       0xc3 Core/Src/main.o
 .debug_macro   0x000013af      0xd23 Core/Src/main.o
 .debug_macro   0x000020d2     0xe09e Core/Src/main.o
 .debug_macro   0x00010170       0x6d Core/Src/main.o
 .debug_macro   0x000101dd     0x3468 Core/Src/main.o
 .debug_macro   0x00013645      0x174 Core/Src/main.o
 .debug_macro   0x000137b9       0x5c Core/Src/main.o
 .debug_macro   0x00013815      0x5be Core/Src/main.o
 .debug_macro   0x00013dd3      0x289 Core/Src/main.o
 .debug_macro   0x0001405c      0x1cb Core/Src/main.o
 .debug_macro   0x00014227      0x114 Core/Src/main.o
 .debug_macro   0x0001433b      0x1b2 Core/Src/main.o
 .debug_macro   0x000144ed       0x27 Core/Src/main.o
 .debug_macro   0x00014514      0x136 Core/Src/main.o
 .debug_macro   0x0001464a      0x1bc Core/Src/main.o
 .debug_macro   0x00014806       0x34 Core/Src/main.o
 .debug_macro   0x0001483a       0x3c Core/Src/main.o
 .debug_macro   0x00014876       0x57 Core/Src/main.o
 .debug_macro   0x000148cd       0x88 Core/Src/main.o
 .debug_macro   0x00014955      0x241 Core/Src/main.o
 .debug_macro   0x00014b96      0x141 Core/Src/main.o
 .debug_macro   0x00014cd7      0x8d1 Core/Src/main.o
 .debug_macro   0x000155a8      0x279 Core/Src/main.o
 .debug_macro   0x00015821       0x83 Core/Src/main.o
 .debug_macro   0x000158a4       0x16 Core/Src/main.o
 .debug_macro   0x000158ba      0x1b6 Core/Src/stm32f1xx_hal_msp.o
 .debug_macro   0x00015a70      0x1c4 Core/Src/stm32f1xx_it.o
 .debug_macro   0x00015c34      0x1a3 Core/Src/system_stm32f1xx.o
 .debug_macro   0x00015dd7      0x1c7 Drivers/STM32F1xx_HAL_Driver/Src/stm32f1xx_hal.o
 .debug_macro   0x00015f9e      0x1a3 Drivers/STM32F1xx_HAL_Driver/Src/stm32f1xx_hal_cortex.o
 .debug_macro   0x00016141      0x1a3 Drivers/STM32F1xx_HAL_Driver/Src/stm32f1xx_hal_dma.o
 .debug_macro   0x000162e4      0x20e Drivers/STM32F1xx_HAL_Driver/Src/stm32f1xx_hal_gpio.o
 .debug_macro   0x000164f2      0x1b5 Drivers/STM32F1xx_HAL_Driver/Src/stm32f1xx_hal_rcc.o
 .debug_macro   0x000166a7      0x1a4 Drivers/STM32F1xx_HAL_Driver/Src/stm32f1xx_hal_tim.o
 .debug_macro   0x0001684b      0x1a3 Drivers/STM32F1xx_HAL_Driver/Src/stm32f1xx_hal_tim_ex.o
 .debug_macro   0x000169ee      0x1a4 Drivers/STM32F1xx_HAL_Driver/Src/stm32f1xx_hal_uart.o

.debug_line     0x00000000     0x885c
 .debug_line    0x00000000      0x800 Core/Src/main.o
 .debug_line    0x00000800      0x6a8 Core/Src/stm32f1xx_hal_msp.o
 .debug_line    0x00000ea8      0x6ad Core/Src/stm32f1xx_it.o
 .debug_line    0x00001555      0x621 Core/Src/system_stm32f1xx.o
 .debug_line    0x00001b76      0x7cb Drivers/STM32F1xx_HAL_Driver/Src/stm32f1xx_hal.o
 .debug_line    0x00002341      0x7da Drivers/STM32F1xx_HAL_Driver/Src/stm32f1xx_hal_cortex.o
 .debug_line    0x00002b1b      0x976 Drivers/STM32F1xx_HAL_Driver/Src/stm32f1xx_hal_dma.o
 .debug_line    0x00003491      0x79c Drivers/STM32F1xx_HAL_Driver/Src/stm32f1xx_hal_gpio.o
 .debug_line    0x00003c2d      0x8d5 Drivers/STM32F1xx_HAL_Driver/Src/stm32f1xx_hal_rcc.o
 .debug_line    0x00004502     0x20c8 Drivers/STM32F1xx_HAL_Driver/Src/stm32f1xx_hal_tim.o
 .debug_line    0x000065ca     0x116a Drivers/STM32F1xx_HAL_Driver/Src/stm32f1xx_hal_tim_ex.o
 .debug_line    0x00007734     0x10a8 Drivers/STM32F1xx_HAL_Driver/Src/stm32f1xx_hal_uart.o
 .debug_line    0x000087dc       0x80 startup/startup_stm32f103xb.o

.debug_str      0x00000000    0x8651d
 .debug_str     0x00000000    0x83bc3 Core/Src/main.o
                              0x84008 (size before relaxing)
 .debug_str     0x00083bc3      0x367 Core/Src/stm32f1xx_hal_msp.o
                              0x83e59 (size before relaxing)
 .debug_str     0x00083f2a       0xfd Core/Src/stm32f1xx_it.o
                              0x83834 (size before relaxing)
 .debug_str     0x00084027       0x52 Core/Src/system_stm32f1xx.o
                              0x83367 (size before relaxing)
 .debug_str     0x00084079      0x315 Drivers/STM32F1xx_HAL_Driver/Src/stm32f1xx_hal.o
                              0x83a3d (size before relaxing)
 .debug_str     0x0008438e      0x294 Drivers/STM32F1xx_HAL_Driver/Src/stm32f1xx_hal_cortex.o
                              0x83a00 (size before relaxing)
 .debug_str     0x00084622      0x235 Drivers/STM32F1xx_HAL_Driver/Src/stm32f1xx_hal_dma.o
                              0x8374e (size before relaxing)
 .debug_str     0x00084857      0x2ef Drivers/STM32F1xx_HAL_Driver/Src/stm32f1xx_hal_gpio.o
                              0x8372b (size before relaxing)
 .debug_str     0x00084b46      0x229 Drivers/STM32F1xx_HAL_Driver/Src/stm32f1xx_hal_rcc.o
                              0x8378b (size before relaxing)
 .debug_str     0x00084d6f      0xdb6 Drivers/STM32F1xx_HAL_Driver/Src/stm32f1xx_hal_tim.o
                              0x84789 (size before relaxing)
 .debug_str     0x00085b25      0x3fe Drivers/STM32F1xx_HAL_Driver/Src/stm32f1xx_hal_tim_ex.o
                              0x83f8a (size before relaxing)
 .debug_str     0x00085f23      0x5cb Drivers/STM32F1xx_HAL_Driver/Src/stm32f1xx_hal_uart.o
                              0x83dcd (size before relaxing)
 .debug_str     0x000864ee       0x2f startup/startup_stm32f103xb.o
                                 0x44 (size before relaxing)

.comment        0x00000000       0x7f
 .comment       0x00000000       0x7f Core/Src/main.o
                                 0x80 (size before relaxing)
 .comment       0x0000007f       0x80 Core/Src/stm32f1xx_hal_msp.o
 .comment       0x0000007f       0x80 Core/Src/stm32f1xx_it.o
 .comment       0x0000007f       0x80 Core/Src/system_stm32f1xx.o
 .comment       0x0000007f       0x80 Drivers/STM32F1xx_HAL_Driver/Src/stm32f1xx_hal.o
 .comment       0x0000007f       0x80 Drivers/STM32F1xx_HAL_Driver/Src/stm32f1xx_hal_cortex.o
 .comment       0x0000007f       0x80 Drivers/STM32F1xx_HAL_Driver/Src/stm32f1xx_hal_dma.o
 .comment       0x0000007f       0x80 Drivers/STM32F1xx_HAL_Driver/Src/stm32f1xx_hal_gpio.o
 .comment       0x0000007f       0x80 Drivers/STM32F1xx_HAL_Driver/Src/stm32f1xx_hal_rcc.o
 .comment       0x0000007f       0x80 Drivers/STM32F1xx_HAL_Driver/Src/stm32f1xx_hal_tim.o
 .comment       0x0000007f       0x80 Drivers/STM32F1xx_HAL_Driver/Src/stm32f1xx_hal_tim_ex.o
 .comment       0x0000007f       0x80 Drivers/STM32F1xx_HAL_Driver/Src/stm32f1xx_hal_uart.o

.debug_frame    0x00000000     0x1ff8
 .debug_frame   0x00000000      0x17c Core/Src/main.o
 .debug_frame   0x0000017c       0xb0 Core/Src/stm32f1xx_hal_msp.o
 .debug_frame   0x0000022c       0xc8 Core/Src/stm32f1xx_it.o
 .debug_frame   0x000002f4       0x30 Core/Src/system_stm32f1xx.o
 .debug_frame   0x00000324      0x1cc Drivers/STM32F1xx_HAL_Driver/Src/stm32f1xx_hal.o
 .debug_frame   0x000004f0      0x12c Drivers/STM32F1xx_HAL_Driver/Src/stm32f1xx_hal_cortex.o
 .debug_frame   0x0000061c      0x148 Drivers/STM32F1xx_HAL_Driver/Src/stm32f1xx_hal_dma.o
 .debug_frame   0x00000764       0xe8 Drivers/STM32F1xx_HAL_Driver/Src/stm32f1xx_hal_gpio.o
 .debug_frame   0x0000084c      0x198 Drivers/STM32F1xx_HAL_Driver/Src/stm32f1xx_hal_rcc.o
 .debug_frame   0x000009e4      0xb90 Drivers/STM32F1xx_HAL_Driver/Src/stm32f1xx_hal_tim.o
 .debug_frame   0x00001574      0x47c Drivers/STM32F1xx_HAL_Driver/Src/stm32f1xx_hal_tim_ex.o
 .debug_frame   0x000019f0      0x5bc Drivers/STM32F1xx_HAL_Driver/Src/stm32f1xx_hal_uart.o
 .debug_frame   0x00001fac       0x2c c:/ac6/systemworkbench/plugins/fr.ac6.mcu.externaltools.arm-none.win32_1.17.0.201812190825/tools/compiler/bin/../lib/gcc/arm-none-eabi/7.3.1/../../../../arm-none-eabi/lib/thumb/v7-m\libc_nano.a(lib_a-init.o)
 .debug_frame   0x00001fd8       0x20 c:/ac6/systemworkbench/plugins/fr.ac6.mcu.externaltools.arm-none.win32_1.17.0.201812190825/tools/compiler/bin/../lib/gcc/arm-none-eabi/7.3.1/../../../../arm-none-eabi/lib/thumb/v7-m\libc_nano.a(lib_a-memset.o)
